09-03 13:16:53.401  6490  6511 I TestRunner: started: order_reset_after_cancel_from_accompaniment_menu(com.example.lunchtray.OrderFunctionalityTests)
09-03 13:16:53.408  6490  6511 W Settings: Setting always_finish_activities has moved from android.provider.Settings.System to android.provider.Settings.Global, returning read-only value.
09-03 13:16:53.412   519   537 D EventSequenceValidator: inc AccIntentStartedEvents to 2
09-03 13:16:53.417   519   827 W InputReader: Device virtio_input_multi_touch_6 is associated with display ADISPLAY_ID_NONE.
09-03 13:16:53.417   519   827 W InputReader: Device virtio_input_multi_touch_4 is associated with display ADISPLAY_ID_NONE.
09-03 13:16:53.417   519   827 W InputReader: Device virtio_input_multi_touch_11 is associated with display ADISPLAY_ID_NONE.
09-03 13:16:53.417   519   827 W InputReader: Device virtio_input_multi_touch_5 is associated with display ADISPLAY_ID_NONE.
09-03 13:16:53.417   519   827 W InputReader: Device virtio_input_multi_touch_3 is associated with display ADISPLAY_ID_NONE.
09-03 13:16:53.417   519   827 W InputReader: Device virtio_input_multi_touch_9 is associated with display ADISPLAY_ID_NONE.
09-03 13:16:53.417   519   827 W InputReader: Device virtio_input_multi_touch_8 is associated with display ADISPLAY_ID_NONE.
09-03 13:16:53.417   519   827 W InputReader: Device virtio_input_multi_touch_2 is associated with display ADISPLAY_ID_NONE.
09-03 13:16:53.417   519   827 W InputReader: Device virtio_input_multi_touch_10 is associated with display ADISPLAY_ID_NONE.
09-03 13:16:53.417   519   827 W InputReader: Device virtio_input_multi_touch_7 is associated with display ADISPLAY_ID_NONE.
09-03 13:16:53.417   519   827 W InputReader: Device virtio_input_multi_touch_6 is associated with display ADISPLAY_ID_NONE.
09-03 13:16:53.417   519   827 W InputReader: Device virtio_input_multi_touch_4 is associated with display ADISPLAY_ID_NONE.
09-03 13:16:53.417   519   827 W InputReader: Device virtio_input_multi_touch_11 is associated with display ADISPLAY_ID_NONE.
09-03 13:16:53.417   519   827 W InputReader: Device virtio_input_multi_touch_5 is associated with display ADISPLAY_ID_NONE.
09-03 13:16:53.417   519   827 W InputReader: Device virtio_input_multi_touch_3 is associated with display ADISPLAY_ID_NONE.
09-03 13:16:53.417   519   827 W InputReader: Device virtio_input_multi_touch_9 is associated with display ADISPLAY_ID_NONE.
09-03 13:16:53.417   519   827 W InputReader: Device virtio_input_multi_touch_8 is associated with display ADISPLAY_ID_NONE.
09-03 13:16:53.417   519   827 W InputReader: Device virtio_input_multi_touch_2 is associated with display ADISPLAY_ID_NONE.
09-03 13:16:53.417   519   827 W InputReader: Device virtio_input_multi_touch_10 is associated with display ADISPLAY_ID_NONE.
09-03 13:16:53.417   519   827 W InputReader: Device virtio_input_multi_touch_7 is associated with display ADISPLAY_ID_NONE.
09-03 13:16:53.423  6490  6490 D LifecycleMonitor: Lifecycle status change: androidx.test.core.app.InstrumentationActivityInvoker$BootstrapActivity@7648751 in: PRE_ON_CREATE
09-03 13:16:53.423  6490  6490 V ActivityScenario: Activity lifecycle changed event received but ignored because the intent does not match. startActivityIntent=Intent { act=android.intent.action.MAIN cat=[android.intent.category.LAUNCHER] cmp=com.example.lunchtray/.MainActivity }, activity.getIntent()=Intent { act=android.intent.action.MAIN cat=[android.intent.category.LAUNCHER] flg=0x10008000 cmp=com.example.lunchtray/androidx.test.core.app.InstrumentationActivityInvoker$BootstrapActivity (has extras) }, activity=androidx.test.core.app.InstrumentationActivityInvoker$BootstrapActivity@7648751
09-03 13:16:53.423   297   352 D goldfish-address-space: claimShared: Ask to claim region [0x3f4965000 0x3f52ca000]
09-03 13:16:53.432  6490  6490 D LifecycleMonitor: Lifecycle status change: androidx.test.core.app.InstrumentationActivityInvoker$BootstrapActivity@7648751 in: CREATED
09-03 13:16:53.432  6490  6490 V ActivityScenario: Activity lifecycle changed event received but ignored because the intent does not match. startActivityIntent=Intent { act=android.intent.action.MAIN cat=[android.intent.category.LAUNCHER] cmp=com.example.lunchtray/.MainActivity }, activity.getIntent()=Intent { act=android.intent.action.MAIN cat=[android.intent.category.LAUNCHER] flg=0x10008000 cmp=com.example.lunchtray/androidx.test.core.app.InstrumentationActivityInvoker$BootstrapActivity (has extras) }, activity=androidx.test.core.app.InstrumentationActivityInvoker$BootstrapActivity@7648751
09-03 13:16:53.434  6490  6490 D LifecycleMonitor: Lifecycle status change: androidx.test.core.app.InstrumentationActivityInvoker$BootstrapActivity@7648751 in: STARTED
09-03 13:16:53.434  6490  6490 V ActivityScenario: Activity lifecycle changed event received but ignored because the intent does not match. startActivityIntent=Intent { act=android.intent.action.MAIN cat=[android.intent.category.LAUNCHER] cmp=com.example.lunchtray/.MainActivity }, activity.getIntent()=Intent { act=android.intent.action.MAIN cat=[android.intent.category.LAUNCHER] flg=0x10008000 cmp=com.example.lunchtray/androidx.test.core.app.InstrumentationActivityInvoker$BootstrapActivity (has extras) }, activity=androidx.test.core.app.InstrumentationActivityInvoker$BootstrapActivity@7648751
09-03 13:16:53.438  6490  6490 D LifecycleMonitor: Lifecycle status change: androidx.test.core.app.InstrumentationActivityInvoker$BootstrapActivity@7648751 in: RESUMED
09-03 13:16:53.438  6490  6490 V ActivityScenario: Activity lifecycle changed event received but ignored because the intent does not match. startActivityIntent=Intent { act=android.intent.action.MAIN cat=[android.intent.category.LAUNCHER] cmp=com.example.lunchtray/.MainActivity }, activity.getIntent()=Intent { act=android.intent.action.MAIN cat=[android.intent.category.LAUNCHER] flg=0x10008000 cmp=com.example.lunchtray/androidx.test.core.app.InstrumentationActivityInvoker$BootstrapActivity (has extras) }, activity=androidx.test.core.app.InstrumentationActivityInvoker$BootstrapActivity@7648751
09-03 13:16:53.442  6490  6490 D LifecycleMonitor: Lifecycle status change: androidx.test.core.app.InstrumentationActivityInvoker$BootstrapActivity@7648751 in: PAUSED
09-03 13:16:53.442  6490  6490 V ActivityScenario: Activity lifecycle changed event received but ignored because the intent does not match. startActivityIntent=Intent { act=android.intent.action.MAIN cat=[android.intent.category.LAUNCHER] cmp=com.example.lunchtray/.MainActivity }, activity.getIntent()=Intent { act=android.intent.action.MAIN cat=[android.intent.category.LAUNCHER] flg=0x10008000 cmp=com.example.lunchtray/androidx.test.core.app.InstrumentationActivityInvoker$BootstrapActivity (has extras) }, activity=androidx.test.core.app.InstrumentationActivityInvoker$BootstrapActivity@7648751
09-03 13:16:53.443   519  1458 W InputReader: Device virtio_input_multi_touch_6 is associated with display ADISPLAY_ID_NONE.
09-03 13:16:53.443   519  1458 W InputReader: Device virtio_input_multi_touch_4 is associated with display ADISPLAY_ID_NONE.
09-03 13:16:53.443   519  1458 W InputReader: Device virtio_input_multi_touch_11 is associated with display ADISPLAY_ID_NONE.
09-03 13:16:53.443   519  1458 W InputReader: Device virtio_input_multi_touch_5 is associated with display ADISPLAY_ID_NONE.
09-03 13:16:53.443   519  1458 W InputReader: Device virtio_input_multi_touch_3 is associated with display ADISPLAY_ID_NONE.
09-03 13:16:53.443   519  1458 W InputReader: Device virtio_input_multi_touch_9 is associated with display ADISPLAY_ID_NONE.
09-03 13:16:53.443   519  1458 W InputReader: Device virtio_input_multi_touch_8 is associated with display ADISPLAY_ID_NONE.
09-03 13:16:53.443   519  1458 W InputReader: Device virtio_input_multi_touch_2 is associated with display ADISPLAY_ID_NONE.
09-03 13:16:53.443   519  1458 W InputReader: Device virtio_input_multi_touch_10 is associated with display ADISPLAY_ID_NONE.
09-03 13:16:53.443   519  1458 W InputReader: Device virtio_input_multi_touch_7 is associated with display ADISPLAY_ID_NONE.
09-03 13:16:53.443   519  1458 W InputReader: Device virtio_input_multi_touch_6 is associated with display ADISPLAY_ID_NONE.
09-03 13:16:53.443   519  1458 W InputReader: Device virtio_input_multi_touch_4 is associated with display ADISPLAY_ID_NONE.
09-03 13:16:53.443   519  1458 W InputReader: Device virtio_input_multi_touch_11 is associated with display ADISPLAY_ID_NONE.
09-03 13:16:53.443   519  1458 W InputReader: Device virtio_input_multi_touch_5 is associated with display ADISPLAY_ID_NONE.
09-03 13:16:53.443   519  1458 W InputReader: Device virtio_input_multi_touch_3 is associated with display ADISPLAY_ID_NONE.
09-03 13:16:53.443   519  1458 W InputReader: Device virtio_input_multi_touch_9 is associated with display ADISPLAY_ID_NONE.
09-03 13:16:53.443   519  1458 W InputReader: Device virtio_input_multi_touch_8 is associated with display ADISPLAY_ID_NONE.
09-03 13:16:53.443   519  1458 W InputReader: Device virtio_input_multi_touch_2 is associated with display ADISPLAY_ID_NONE.
09-03 13:16:53.443   519  1458 W InputReader: Device virtio_input_multi_touch_10 is associated with display ADISPLAY_ID_NONE.
09-03 13:16:53.443   519  1458 W InputReader: Device virtio_input_multi_touch_7 is associated with display ADISPLAY_ID_NONE.
09-03 13:16:53.465  6490  6490 D LifecycleMonitor: Lifecycle status change: com.example.lunchtray.MainActivity@204e6c1 in: PRE_ON_CREATE
09-03 13:16:53.466  6490  6490 V ActivityScenario: Activity lifecycle changed event received but ignored because the reported transition was not ON_CREATE while the last known transition was PRE_ON_CREATE
09-03 13:16:53.480   297   352 D goldfish-address-space: claimShared: Ask to claim region [0x3f4000000 0x3f4965000]
09-03 13:16:53.530  6490  6490 W ample.lunchtra: Accessing hidden method Landroid/view/View;->computeFitSystemWindows(Landroid/graphics/Rect;Landroid/graphics/Rect;)Z (greylist, reflection, allowed)
09-03 13:16:53.530  6490  6490 W ample.lunchtra: Accessing hidden method Landroid/view/ViewGroup;->makeOptionalFitsSystemWindows()V (greylist, reflection, allowed)
09-03 13:16:53.535  6490  6490 D LifecycleMonitor: Lifecycle status change: com.example.lunchtray.MainActivity@204e6c1 in: CREATED
09-03 13:16:53.535  6490  6490 V ActivityScenario: Update currentActivityStage to CREATED, currentActivity=com.example.lunchtray.MainActivity@204e6c1
09-03 13:16:53.551  6490  6490 D LifecycleMonitor: Lifecycle status change: com.example.lunchtray.MainActivity@204e6c1 in: STARTED
09-03 13:16:53.551  6490  6490 V ActivityScenario: Update currentActivityStage to STARTED, currentActivity=com.example.lunchtray.MainActivity@204e6c1
09-03 13:16:53.552  6490  6490 D LifecycleMonitor: Lifecycle status change: com.example.lunchtray.MainActivity@204e6c1 in: RESUMED
09-03 13:16:53.552  6490  6490 V ActivityScenario: Update currentActivityStage to RESUMED, currentActivity=com.example.lunchtray.MainActivity@204e6c1
09-03 13:16:53.581   297   352 D goldfish-address-space: claimShared: Ask to claim region [0x3f6b97000 0x3f74fc000]
09-03 13:16:53.584   297   352 D goldfish-address-space: claimShared: Ask to claim region [0x3f52ca000 0x3f5c2f000]
09-03 13:16:53.585   297   352 D goldfish-address-space: claimShared: Ask to claim region [0x3f5c2f000 0x3f6594000]
09-03 13:16:53.592   519   544 D ArtManagerInternalImpl: /data/misc/iorapd/com.example.lunchtray/1/com.example.lunchtray.MainActivity/compiled_traces/compiled_trace.pb doesn't exist
09-03 13:16:53.593   519   544 I ActivityTaskManager: Displayed com.example.lunchtray/.MainActivity: +180ms
09-03 13:16:53.593   519   537 D EventSequenceValidator: dec AccIntentStartedEvents to 1
09-03 13:16:53.603  6490  6490 D RootViewPicker: Root not ready - waiting: 10ms for one to appear.
09-03 13:16:53.605  6490  6490 D LifecycleMonitor: Lifecycle status change: androidx.test.core.app.InstrumentationActivityInvoker$BootstrapActivity@7648751 in: STOPPED
09-03 13:16:53.606  6490  6490 V ActivityScenario: Activity lifecycle changed event received but ignored because the intent does not match. startActivityIntent=Intent { act=android.intent.action.MAIN cat=[android.intent.category.LAUNCHER] cmp=com.example.lunchtray/.MainActivity }, activity.getIntent()=Intent { act=android.intent.action.MAIN cat=[android.intent.category.LAUNCHER] flg=0x10008000 cmp=com.example.lunchtray/androidx.test.core.app.InstrumentationActivityInvoker$BootstrapActivity (has extras) }, activity=androidx.test.core.app.InstrumentationActivityInvoker$BootstrapActivity@7648751
09-03 13:16:53.609  1467  5719 I PBSessionCacheImpl: (REDACTED) Deleted sessionId[%d] from persistence.
09-03 13:16:53.613  1467  1637 W SearchServiceCore: Abort, client detached.
09-03 13:16:53.620  1179  1179 I GoogleInputMethodService: GoogleInputMethodService.onFinishInput():3273
09-03 13:16:53.620  1179  1179 I GoogleInputMethodService: GoogleInputMethodService.updateDeviceLockedStatus():2165 repeatCheckTimes = 0, unlocked = true
09-03 13:16:53.620  1179  1179 I GoogleInputMethodService: GoogleInputMethodService.onStartInput():1956 onStartInput(EditorInfo{inputType=0x0(NULL) imeOptions=0x0 privateImeOptions=null actionName=UNSPECIFIED actionLabel=null actionId=0 initialSelStart=-1 initialSelEnd=-1 initialCapsMode=0x0 hintText=null label=null packageName=com.example.lunchtray fieldId=-1 fieldName=null extras=null}, false)
09-03 13:16:53.620  1179  1179 I GoogleInputMethodService: GoogleInputMethodService.shouldHideHeaderOnInitialState():4081 ShouldHideHeaderOnInitialState = false
09-03 13:16:53.621  1179  1179 I GoogleInputMethodService: GoogleInputMethodService.updateDeviceLockedStatus():2165 repeatCheckTimes = 2, unlocked = true
09-03 13:16:53.626  6490  6490 I ViewInteraction: Performing 'single click' action on view view.getId() is <2131231208/com.example.lunchtray:id/start_order_btn>
09-03 13:16:53.674   519  1458 I system_server: oneway function results will be dropped but finished with status OK and parcel size 4
09-03 13:16:53.805   519  1458 I system_server: oneway function results will be dropped but finished with status OK and parcel size 4
09-03 13:16:53.952  6490  6490 I ViewInteraction: Performing 'single click' action on view view.getId() is <2131230844/com.example.lunchtray:id/cauliflower>
09-03 13:16:54.009   519   828 I system_server: oneway function results will be dropped but finished with status OK and parcel size 4
09-03 13:16:54.138   519   828 I system_server: oneway function results will be dropped but finished with status OK and parcel size 4
09-03 13:16:54.261  6490  6490 I ViewInteraction: Performing 'single click' action on view view.getId() is <2131231081/com.example.lunchtray:id/next_button>
09-03 13:16:54.335   519  1458 I system_server: oneway function results will be dropped but finished with status OK and parcel size 4
09-03 13:16:54.350  6490  6502 I ample.lunchtra: JIT allocated 76KB for compiled code of void android.view.View.<init>(android.content.Context, android.util.AttributeSet, int, int)
09-03 13:16:54.469   519  1458 I system_server: oneway function results will be dropped but finished with status OK and parcel size 4
09-03 13:16:54.616  6490  6490 I ViewInteraction: Performing 'single click' action on view view.getId() is <2131231187/com.example.lunchtray:id/soup>
09-03 13:16:54.675   519  1458 I system_server: oneway function results will be dropped but finished with status OK and parcel size 4
09-03 13:16:54.801   519  1458 I system_server: oneway function results will be dropped but finished with status OK and parcel size 4
09-03 13:16:54.924  6490  6490 I ViewInteraction: Performing 'single click' action on view view.getId() is <2131231081/com.example.lunchtray:id/next_button>
09-03 13:16:54.977   519  1458 I system_server: oneway function results will be dropped but finished with status OK and parcel size 4
09-03 13:16:55.111   519  1458 I system_server: oneway function results will be dropped but finished with status OK and parcel size 4
09-03 13:16:55.229  6490  6490 I ViewInteraction: Performing 'single click' action on view view.getId() is <2131230835/com.example.lunchtray:id/bread>
09-03 13:16:55.293   519   828 I system_server: oneway function results will be dropped but finished with status OK and parcel size 4
09-03 13:16:55.421   519   828 I system_server: oneway function results will be dropped but finished with status OK and parcel size 4
09-03 13:16:55.574  6490  6490 I ViewInteraction: Performing 'single click' action on view view.getId() is <2131230842/com.example.lunchtray:id/cancel_button>
09-03 13:16:55.641   519   828 I system_server: oneway function results will be dropped but finished with status OK and parcel size 4
09-03 13:16:55.775   519  1812 I system_server: oneway function results will be dropped but finished with status OK and parcel size 4
09-03 13:16:55.874  6490  6490 I ViewInteraction: Performing 'single click' action on view view.getId() is <2131231208/com.example.lunchtray:id/start_order_btn>
09-03 13:16:55.929   519  1812 I system_server: oneway function results will be dropped but finished with status OK and parcel size 4
09-03 13:16:56.062   519  1812 I system_server: oneway function results will be dropped but finished with status OK and parcel size 4
09-03 13:16:56.183  6490  6490 I ViewInteraction: Checking 'MatchesViewAssertion{viewMatcher=(view has effective visibility <VISIBLE> and view.getGlobalVisibleRect() to return non-empty rectangle)}' assertion on view an instance of android.widget.TextView and view.getText() with or without transformation to match: is "Subtotal: $0.00"
09-03 13:16:56.184  6490  6511 I TestRunner: finished: order_reset_after_cancel_from_accompaniment_menu(com.example.lunchtray.OrderFunctionalityTests)
