09-03 13:17:03.670  6490  6511 I TestRunner: started: order_reset_after_cancel_from_entree_menu(com.example.lunchtray.OrderFunctionalityTests)
09-03 13:17:03.675  6490  6511 W Settings: Setting always_finish_activities has moved from android.provider.Settings.System to android.provider.Settings.Global, returning read-only value.
09-03 13:17:03.678   519   537 D EventSequenceValidator: inc AccIntentStartedEvents to 2
09-03 13:17:03.683   519  2906 W InputReader: Device virtio_input_multi_touch_6 is associated with display ADISPLAY_ID_NONE.
09-03 13:17:03.683   519  2906 W InputReader: Device virtio_input_multi_touch_4 is associated with display ADISPLAY_ID_NONE.
09-03 13:17:03.683   519  2906 W InputReader: Device virtio_input_multi_touch_11 is associated with display ADISPLAY_ID_NONE.
09-03 13:17:03.683   519  2906 W InputReader: Device virtio_input_multi_touch_5 is associated with display ADISPLAY_ID_NONE.
09-03 13:17:03.683   519  2906 W InputReader: Device virtio_input_multi_touch_3 is associated with display ADISPLAY_ID_NONE.
09-03 13:17:03.683   519  2906 W InputReader: Device virtio_input_multi_touch_9 is associated with display ADISPLAY_ID_NONE.
09-03 13:17:03.683   519  2906 W InputReader: Device virtio_input_multi_touch_8 is associated with display ADISPLAY_ID_NONE.
09-03 13:17:03.683   519  2906 W InputReader: Device virtio_input_multi_touch_2 is associated with display ADISPLAY_ID_NONE.
09-03 13:17:03.683   519  2906 W InputReader: Device virtio_input_multi_touch_10 is associated with display ADISPLAY_ID_NONE.
09-03 13:17:03.683   519  2906 W InputReader: Device virtio_input_multi_touch_7 is associated with display ADISPLAY_ID_NONE.
09-03 13:17:03.684   519  2906 W InputReader: Device virtio_input_multi_touch_6 is associated with display ADISPLAY_ID_NONE.
09-03 13:17:03.684   519  2906 W InputReader: Device virtio_input_multi_touch_4 is associated with display ADISPLAY_ID_NONE.
09-03 13:17:03.684   519  2906 W InputReader: Device virtio_input_multi_touch_11 is associated with display ADISPLAY_ID_NONE.
09-03 13:17:03.684   519  2906 W InputReader: Device virtio_input_multi_touch_5 is associated with display ADISPLAY_ID_NONE.
09-03 13:17:03.684   519  2906 W InputReader: Device virtio_input_multi_touch_3 is associated with display ADISPLAY_ID_NONE.
09-03 13:17:03.684   519  2906 W InputReader: Device virtio_input_multi_touch_9 is associated with display ADISPLAY_ID_NONE.
09-03 13:17:03.684   519  2906 W InputReader: Device virtio_input_multi_touch_8 is associated with display ADISPLAY_ID_NONE.
09-03 13:17:03.684   519  2906 W InputReader: Device virtio_input_multi_touch_2 is associated with display ADISPLAY_ID_NONE.
09-03 13:17:03.684   519  2906 W InputReader: Device virtio_input_multi_touch_10 is associated with display ADISPLAY_ID_NONE.
09-03 13:17:03.684   519  2906 W InputReader: Device virtio_input_multi_touch_7 is associated with display ADISPLAY_ID_NONE.
09-03 13:17:03.691  6490  6490 D LifecycleMonitor: Lifecycle status change: androidx.test.core.app.InstrumentationActivityInvoker$BootstrapActivity@bd3371e in: PRE_ON_CREATE
09-03 13:17:03.692  6490  6490 V ActivityScenario: Activity lifecycle changed event received but ignored because the intent does not match. startActivityIntent=Intent { act=android.intent.action.MAIN cat=[android.intent.category.LAUNCHER] cmp=com.example.lunchtray/.MainActivity }, activity.getIntent()=Intent { act=android.intent.action.MAIN cat=[android.intent.category.LAUNCHER] flg=0x10008000 cmp=com.example.lunchtray/androidx.test.core.app.InstrumentationActivityInvoker$BootstrapActivity (has extras) }, activity=androidx.test.core.app.InstrumentationActivityInvoker$BootstrapActivity@bd3371e
09-03 13:17:03.692  6490  6490 I chatty  : uid=10166(com.example.lunchtray) identical 2 lines
09-03 13:17:03.692  6490  6490 V ActivityScenario: Activity lifecycle changed event received but ignored because the intent does not match. startActivityIntent=Intent { act=android.intent.action.MAIN cat=[android.intent.category.LAUNCHER] cmp=com.example.lunchtray/.MainActivity }, activity.getIntent()=Intent { act=android.intent.action.MAIN cat=[android.intent.category.LAUNCHER] flg=0x10008000 cmp=com.example.lunchtray/androidx.test.core.app.InstrumentationActivityInvoker$BootstrapActivity (has extras) }, activity=androidx.test.core.app.InstrumentationActivityInvoker$BootstrapActivity@bd3371e
09-03 13:17:03.699  6490  6490 D LifecycleMonitor: Lifecycle status change: androidx.test.core.app.InstrumentationActivityInvoker$BootstrapActivity@bd3371e in: CREATED
09-03 13:17:03.699  6490  6490 V ActivityScenario: Activity lifecycle changed event received but ignored because the intent does not match. startActivityIntent=Intent { act=android.intent.action.MAIN cat=[android.intent.category.LAUNCHER] cmp=com.example.lunchtray/.MainActivity }, activity.getIntent()=Intent { act=android.intent.action.MAIN cat=[android.intent.category.LAUNCHER] flg=0x10008000 cmp=com.example.lunchtray/androidx.test.core.app.InstrumentationActivityInvoker$BootstrapActivity (has extras) }, activity=androidx.test.core.app.InstrumentationActivityInvoker$BootstrapActivity@bd3371e
09-03 13:17:03.699  6490  6490 I chatty  : uid=10166(com.example.lunchtray) identical 2 lines
09-03 13:17:03.699  6490  6490 V ActivityScenario: Activity lifecycle changed event received but ignored because the intent does not match. startActivityIntent=Intent { act=android.intent.action.MAIN cat=[android.intent.category.LAUNCHER] cmp=com.example.lunchtray/.MainActivity }, activity.getIntent()=Intent { act=android.intent.action.MAIN cat=[android.intent.category.LAUNCHER] flg=0x10008000 cmp=com.example.lunchtray/androidx.test.core.app.InstrumentationActivityInvoker$BootstrapActivity (has extras) }, activity=androidx.test.core.app.InstrumentationActivityInvoker$BootstrapActivity@bd3371e
09-03 13:17:03.702  6490  6490 D LifecycleMonitor: Lifecycle status change: androidx.test.core.app.InstrumentationActivityInvoker$BootstrapActivity@bd3371e in: STARTED
09-03 13:17:03.702  6490  6490 V ActivityScenario: Activity lifecycle changed event received but ignored because the intent does not match. startActivityIntent=Intent { act=android.intent.action.MAIN cat=[android.intent.category.LAUNCHER] cmp=com.example.lunchtray/.MainActivity }, activity.getIntent()=Intent { act=android.intent.action.MAIN cat=[android.intent.category.LAUNCHER] flg=0x10008000 cmp=com.example.lunchtray/androidx.test.core.app.InstrumentationActivityInvoker$BootstrapActivity (has extras) }, activity=androidx.test.core.app.InstrumentationActivityInvoker$BootstrapActivity@bd3371e
09-03 13:17:03.702  6490  6490 I chatty  : uid=10166(com.example.lunchtray) identical 2 lines
09-03 13:17:03.702  6490  6490 V ActivityScenario: Activity lifecycle changed event received but ignored because the intent does not match. startActivityIntent=Intent { act=android.intent.action.MAIN cat=[android.intent.category.LAUNCHER] cmp=com.example.lunchtray/.MainActivity }, activity.getIntent()=Intent { act=android.intent.action.MAIN cat=[android.intent.category.LAUNCHER] flg=0x10008000 cmp=com.example.lunchtray/androidx.test.core.app.InstrumentationActivityInvoker$BootstrapActivity (has extras) }, activity=androidx.test.core.app.InstrumentationActivityInvoker$BootstrapActivity@bd3371e
09-03 13:17:03.709  6490  6490 D LifecycleMonitor: Lifecycle status change: androidx.test.core.app.InstrumentationActivityInvoker$BootstrapActivity@bd3371e in: RESUMED
09-03 13:17:03.709  6490  6490 V ActivityScenario: Activity lifecycle changed event received but ignored because the intent does not match. startActivityIntent=Intent { act=android.intent.action.MAIN cat=[android.intent.category.LAUNCHER] cmp=com.example.lunchtray/.MainActivity }, activity.getIntent()=Intent { act=android.intent.action.MAIN cat=[android.intent.category.LAUNCHER] flg=0x10008000 cmp=com.example.lunchtray/androidx.test.core.app.InstrumentationActivityInvoker$BootstrapActivity (has extras) }, activity=androidx.test.core.app.InstrumentationActivityInvoker$BootstrapActivity@bd3371e
09-03 13:17:03.709  6490  6490 I chatty  : uid=10166(com.example.lunchtray) identical 2 lines
09-03 13:17:03.709  6490  6490 V ActivityScenario: Activity lifecycle changed event received but ignored because the intent does not match. startActivityIntent=Intent { act=android.intent.action.MAIN cat=[android.intent.category.LAUNCHER] cmp=com.example.lunchtray/.MainActivity }, activity.getIntent()=Intent { act=android.intent.action.MAIN cat=[android.intent.category.LAUNCHER] flg=0x10008000 cmp=com.example.lunchtray/androidx.test.core.app.InstrumentationActivityInvoker$BootstrapActivity (has extras) }, activity=androidx.test.core.app.InstrumentationActivityInvoker$BootstrapActivity@bd3371e
09-03 13:17:03.710   297   349 D goldfish-address-space: claimShared: Ask to claim region [0x3f4000000 0x3f4965000]
09-03 13:17:03.711  6490  6490 D LifecycleMonitor: Lifecycle status change: androidx.test.core.app.InstrumentationActivityInvoker$BootstrapActivity@bd3371e in: PAUSED
09-03 13:17:03.711  6490  6490 V ActivityScenario: Activity lifecycle changed event received but ignored because the intent does not match. startActivityIntent=Intent { act=android.intent.action.MAIN cat=[android.intent.category.LAUNCHER] cmp=com.example.lunchtray/.MainActivity }, activity.getIntent()=Intent { act=android.intent.action.MAIN cat=[android.intent.category.LAUNCHER] flg=0x10008000 cmp=com.example.lunchtray/androidx.test.core.app.InstrumentationActivityInvoker$BootstrapActivity (has extras) }, activity=androidx.test.core.app.InstrumentationActivityInvoker$BootstrapActivity@bd3371e
09-03 13:17:03.711  6490  6490 I chatty  : uid=10166(com.example.lunchtray) identical 2 lines
09-03 13:17:03.712  6490  6490 V ActivityScenario: Activity lifecycle changed event received but ignored because the intent does not match. startActivityIntent=Intent { act=android.intent.action.MAIN cat=[android.intent.category.LAUNCHER] cmp=com.example.lunchtray/.MainActivity }, activity.getIntent()=Intent { act=android.intent.action.MAIN cat=[android.intent.category.LAUNCHER] flg=0x10008000 cmp=com.example.lunchtray/androidx.test.core.app.InstrumentationActivityInvoker$BootstrapActivity (has extras) }, activity=androidx.test.core.app.InstrumentationActivityInvoker$BootstrapActivity@bd3371e
09-03 13:17:03.713   519  2906 W InputReader: Device virtio_input_multi_touch_6 is associated with display ADISPLAY_ID_NONE.
09-03 13:17:03.713   519  2906 W InputReader: Device virtio_input_multi_touch_4 is associated with display ADISPLAY_ID_NONE.
09-03 13:17:03.713   519  2906 W InputReader: Device virtio_input_multi_touch_11 is associated with display ADISPLAY_ID_NONE.
09-03 13:17:03.713   519  2906 W InputReader: Device virtio_input_multi_touch_5 is associated with display ADISPLAY_ID_NONE.
09-03 13:17:03.713   519  2906 W InputReader: Device virtio_input_multi_touch_3 is associated with display ADISPLAY_ID_NONE.
09-03 13:17:03.713   519  2906 W InputReader: Device virtio_input_multi_touch_9 is associated with display ADISPLAY_ID_NONE.
09-03 13:17:03.713   519  2906 W InputReader: Device virtio_input_multi_touch_8 is associated with display ADISPLAY_ID_NONE.
09-03 13:17:03.713   519  2906 W InputReader: Device virtio_input_multi_touch_2 is associated with display ADISPLAY_ID_NONE.
09-03 13:17:03.713   519  2906 W InputReader: Device virtio_input_multi_touch_10 is associated with display ADISPLAY_ID_NONE.
09-03 13:17:03.713   519  2906 W InputReader: Device virtio_input_multi_touch_7 is associated with display ADISPLAY_ID_NONE.
09-03 13:17:03.713   519  2906 W InputReader: Device virtio_input_multi_touch_6 is associated with display ADISPLAY_ID_NONE.
09-03 13:17:03.713   519  2906 W InputReader: Device virtio_input_multi_touch_4 is associated with display ADISPLAY_ID_NONE.
09-03 13:17:03.713   519  2906 W InputReader: Device virtio_input_multi_touch_11 is associated with display ADISPLAY_ID_NONE.
09-03 13:17:03.713   519  2906 W InputReader: Device virtio_input_multi_touch_5 is associated with display ADISPLAY_ID_NONE.
09-03 13:17:03.713   519  2906 W InputReader: Device virtio_input_multi_touch_3 is associated with display ADISPLAY_ID_NONE.
09-03 13:17:03.713   519  2906 W InputReader: Device virtio_input_multi_touch_9 is associated with display ADISPLAY_ID_NONE.
09-03 13:17:03.713   519  2906 W InputReader: Device virtio_input_multi_touch_8 is associated with display ADISPLAY_ID_NONE.
09-03 13:17:03.713   519  2906 W InputReader: Device virtio_input_multi_touch_2 is associated with display ADISPLAY_ID_NONE.
09-03 13:17:03.713   519  2906 W InputReader: Device virtio_input_multi_touch_10 is associated with display ADISPLAY_ID_NONE.
09-03 13:17:03.713   519  2906 W InputReader: Device virtio_input_multi_touch_7 is associated with display ADISPLAY_ID_NONE.
09-03 13:17:03.718  6490  6490 D LifecycleMonitor: Lifecycle status change: com.example.lunchtray.MainActivity@212eab8 in: PRE_ON_CREATE
09-03 13:17:03.719  6490  6490 V ActivityScenario: Activity lifecycle changed event received but ignored because the reported transition was not ON_CREATE while the last known transition was DESTROYED
09-03 13:17:03.719  6490  6490 I chatty  : uid=10166(com.example.lunchtray) identical 1 line
09-03 13:17:03.719  6490  6490 V ActivityScenario: Activity lifecycle changed event received but ignored because the reported transition was not ON_CREATE while the last known transition was DESTROYED
09-03 13:17:03.719  6490  6490 V ActivityScenario: Activity lifecycle changed event received but ignored because the reported transition was not ON_CREATE while the last known transition was PRE_ON_CREATE
09-03 13:17:03.738  6490  6490 D LifecycleMonitor: Lifecycle status change: com.example.lunchtray.MainActivity@212eab8 in: CREATED
09-03 13:17:03.738  6490  6490 V ActivityScenario: Update currentActivityStage to CREATED, currentActivity=com.example.lunchtray.MainActivity@212eab8
09-03 13:17:03.738  6490  6490 I chatty  : uid=10166(com.example.lunchtray) identical 2 lines
09-03 13:17:03.738  6490  6490 V ActivityScenario: Update currentActivityStage to CREATED, currentActivity=com.example.lunchtray.MainActivity@212eab8
09-03 13:17:03.746  6490  6490 D LifecycleMonitor: Lifecycle status change: com.example.lunchtray.MainActivity@212eab8 in: STARTED
09-03 13:17:03.746  6490  6490 V ActivityScenario: Update currentActivityStage to STARTED, currentActivity=com.example.lunchtray.MainActivity@212eab8
09-03 13:17:03.746  6490  6490 I chatty  : uid=10166(com.example.lunchtray) identical 2 lines
09-03 13:17:03.746  6490  6490 V ActivityScenario: Update currentActivityStage to STARTED, currentActivity=com.example.lunchtray.MainActivity@212eab8
09-03 13:17:03.747  6490  6490 D LifecycleMonitor: Lifecycle status change: com.example.lunchtray.MainActivity@212eab8 in: RESUMED
09-03 13:17:03.747  6490  6490 V ActivityScenario: Update currentActivityStage to RESUMED, currentActivity=com.example.lunchtray.MainActivity@212eab8
09-03 13:17:03.747  6490  6490 I chatty  : uid=10166(com.example.lunchtray) identical 2 lines
09-03 13:17:03.747  6490  6490 V ActivityScenario: Update currentActivityStage to RESUMED, currentActivity=com.example.lunchtray.MainActivity@212eab8
09-03 13:17:03.763   297   349 D goldfish-address-space: claimShared: Ask to claim region [0x3f4965000 0x3f52ca000]
09-03 13:17:03.765   297   349 D goldfish-address-space: claimShared: Ask to claim region [0x3f58cd000 0x3f6232000]
09-03 13:17:03.766   297   349 D goldfish-address-space: claimShared: Ask to claim region [0x3f8000000 0x3f8965000]
09-03 13:17:03.775   519   544 D ArtManagerInternalImpl: /data/misc/iorapd/com.example.lunchtray/1/com.example.lunchtray.MainActivity/compiled_traces/compiled_trace.pb doesn't exist
09-03 13:17:03.775   519   544 I ActivityTaskManager: Displayed com.example.lunchtray/.MainActivity: +96ms
09-03 13:17:03.776   519   537 D EventSequenceValidator: dec AccIntentStartedEvents to 1
09-03 13:17:03.778  6490  6490 D RootViewPicker: Root not ready - waiting: 10ms for one to appear.
09-03 13:17:03.783  6490  6490 D LifecycleMonitor: Lifecycle status change: androidx.test.core.app.InstrumentationActivityInvoker$BootstrapActivity@bd3371e in: STOPPED
09-03 13:17:03.783  6490  6490 V ActivityScenario: Activity lifecycle changed event received but ignored because the intent does not match. startActivityIntent=Intent { act=android.intent.action.MAIN cat=[android.intent.category.LAUNCHER] cmp=com.example.lunchtray/.MainActivity }, activity.getIntent()=Intent { act=android.intent.action.MAIN cat=[android.intent.category.LAUNCHER] flg=0x10008000 cmp=com.example.lunchtray/androidx.test.core.app.InstrumentationActivityInvoker$BootstrapActivity (has extras) }, activity=androidx.test.core.app.InstrumentationActivityInvoker$BootstrapActivity@bd3371e
09-03 13:17:03.783  6490  6490 I chatty  : uid=10166(com.example.lunchtray) identical 2 lines
09-03 13:17:03.783  6490  6490 V ActivityScenario: Activity lifecycle changed event received but ignored because the intent does not match. startActivityIntent=Intent { act=android.intent.action.MAIN cat=[android.intent.category.LAUNCHER] cmp=com.example.lunchtray/.MainActivity }, activity.getIntent()=Intent { act=android.intent.action.MAIN cat=[android.intent.category.LAUNCHER] flg=0x10008000 cmp=com.example.lunchtray/androidx.test.core.app.InstrumentationActivityInvoker$BootstrapActivity (has extras) }, activity=androidx.test.core.app.InstrumentationActivityInvoker$BootstrapActivity@bd3371e
09-03 13:17:03.785  1467  5719 I PBSessionCacheImpl: (REDACTED) Deleted sessionId[%d] from persistence.
09-03 13:17:03.793  1179  1179 I GoogleInputMethodService: GoogleInputMethodService.onFinishInput():3273
09-03 13:17:03.793  1179  1179 I GoogleInputMethodService: GoogleInputMethodService.updateDeviceLockedStatus():2165 repeatCheckTimes = 0, unlocked = true
09-03 13:17:03.793  1179  1179 I GoogleInputMethodService: GoogleInputMethodService.onStartInput():1956 onStartInput(EditorInfo{inputType=0x0(NULL) imeOptions=0x0 privateImeOptions=null actionName=UNSPECIFIED actionLabel=null actionId=0 initialSelStart=-1 initialSelEnd=-1 initialCapsMode=0x0 hintText=null label=null packageName=com.example.lunchtray fieldId=-1 fieldName=null extras=null}, false)
09-03 13:17:03.793  1179  1179 I GoogleInputMethodService: GoogleInputMethodService.shouldHideHeaderOnInitialState():4081 ShouldHideHeaderOnInitialState = false
09-03 13:17:03.793  1179  1179 I GoogleInputMethodService: GoogleInputMethodService.updateDeviceLockedStatus():2165 repeatCheckTimes = 2, unlocked = true
09-03 13:17:03.794  1467  1637 W SearchServiceCore: Abort, client detached.
09-03 13:17:03.808  6490  6490 I ViewInteraction: Performing 'single click' action on view view.getId() is <2131231208/com.example.lunchtray:id/start_order_btn>
09-03 13:17:03.852   519  2810 I system_server: oneway function results will be dropped but finished with status OK and parcel size 4
09-03 13:17:03.985   519  2906 I system_server: oneway function results will be dropped but finished with status OK and parcel size 4
09-03 13:17:04.111  6490  6490 I ViewInteraction: Performing 'single click' action on view view.getId() is <2131230844/com.example.lunchtray:id/cauliflower>
09-03 13:17:04.184   519  2906 I system_server: oneway function results will be dropped but finished with status OK and parcel size 4
09-03 13:17:04.317   519  2810 I system_server: oneway function results will be dropped but finished with status OK and parcel size 4
09-03 13:17:04.456  6490  6490 I ViewInteraction: Performing 'single click' action on view view.getId() is <2131230842/com.example.lunchtray:id/cancel_button>
09-03 13:17:04.516   519  2906 I system_server: oneway function results will be dropped but finished with status OK and parcel size 4
09-03 13:17:04.626  3998  3998 I Finsky  : [2] ski.onStartJob(4): SCH: job service start with id 9600.
09-03 13:17:04.633  3998  4070 I Finsky  : [384] rtc.accept(26): SCH: Scheduling phonesky job Id: 1-1337, CT: 1662176052790, Constraints: [{ L: 24215921, D: 67415921, C: 1, I: 1, N: 1 }]
09-03 13:17:04.633  3998  4070 I Finsky  : [384] rtc.accept(26): SCH: Scheduling phonesky job Id: 12-1, CT: 1662178609640, Constraints: [{ L: 15000, D: 86400000, C: 1, I: 1, N: 1 }]
09-03 13:17:04.636  3998  4070 I Finsky  : [384] scl.apply(62): SCH: Scheduling 1 system job(s)
09-03 13:17:04.636  3998  4070 I Finsky  : [384] scl.apply(68): SCH: Scheduling system job Id: 9603, L: 0, D: 64844075, C: false, I: false, N: 1
09-03 13:17:04.638  3998  3998 I Finsky  : [2] ski.onStartJob(4): SCH: job service start with id 9603.
09-03 13:17:04.640  3998  6327 I Finsky  : [500] ski.a(16): SCH: job service finished with id 9600.
09-03 13:17:04.641  3998  5836 I Finsky  : [479] six.a(92): SCH: Satisfied jobs for 9603 are: 12-1
09-03 13:17:04.641  3998  6327 I Finsky  : [500] sck.accept(46): SCH: Job 12-1 starting
09-03 13:17:04.645  3998  3998 I Finsky  : [2] ContentSyncJob.v(3): [ContentSync] job started
09-03 13:17:04.649   519  2906 I system_server: oneway function results will be dropped but finished with status OK and parcel size 4
09-03 13:17:04.696  3998  6330 I Finsky  : [503] fwb.j(1): Completed 0 account content syncs with 0 successful.
09-03 13:17:04.697  3998  3998 I Finsky  : [2] ContentSyncJob.a(1): [ContentSync] Installation state replication succeeded.
09-03 13:17:04.697  3998  3998 I Finsky  : [2] sis.r(4): SCH: jobFinished: 12-1. TimeElapsed: 52ms.
09-03 13:17:04.712  3998  4071 I Finsky  : [385] rtc.accept(26): SCH: Scheduling phonesky job Id: 1-1337, CT: 1662176052790, Constraints: [{ L: 24215921, D: 67415921, C: 1, I: 1, N: 1 }]
09-03 13:17:04.714  3998  4068 I Finsky  : [382] scl.apply(62): SCH: Scheduling 1 system job(s)
09-03 13:17:04.714  3998  4068 I Finsky  : [382] scl.apply(68): SCH: Scheduling system job Id: 9605, L: 21643997, D: 64843997, C: false, I: false, N: 1
09-03 13:17:04.717  3998  6327 I Finsky  : [500] ski.a(16): SCH: job service finished with id 9603.
09-03 13:17:04.755  6490  6490 I ViewInteraction: Performing 'single click' action on view view.getId() is <2131231208/com.example.lunchtray:id/start_order_btn>
09-03 13:17:04.803   519  2810 I system_server: oneway function results will be dropped but finished with status OK and parcel size 4
09-03 13:17:04.831  1572  1572 D BoundBrokerSvc: onUnbind: Intent { act=com.google.android.gms.feedback.internal.IFeedbackService dat=chimera-action:com.google.android.gms.feedback.internal.IFeedbackService cmp=com.google.android.gms/.chimera.GmsBoundBrokerService }
09-03 13:17:04.937   519  2810 I system_server: oneway function results will be dropped but finished with status OK and parcel size 4
09-03 13:17:05.056  6490  6490 I ViewInteraction: Checking 'MatchesViewAssertion{viewMatcher=(view has effective visibility <VISIBLE> and view.getGlobalVisibleRect() to return non-empty rectangle)}' assertion on view an instance of android.widget.TextView and view.getText() with or without transformation to match: is "Subtotal: $0.00"
09-03 13:17:05.056  6490  6511 I TestRunner: finished: order_reset_after_cancel_from_entree_menu(com.example.lunchtray.OrderFunctionalityTests)
